C51 COMPILER V9.54   LED_5                                                                 08/09/2017 21:52:04 PAGE 1   


C51 COMPILER V9.54, COMPILATION OF MODULE LED_5
OBJECT MODULE PLACED IN .\Objects\led_5.obj
COMPILER INVOKED BY: C:\Keil_v5\C51\BIN\C51.EXE led_5.c OPTIMIZE(8,SPEED) BROWSE DEBUG OBJECTEXTEND PRINT(.\Listings\led
                    -_5.lst) TABS(2) OBJECT(.\Objects\led_5.obj)

line level    source

   1          #include<reg51.h>
   2          #define uchar unsigned char
   3          #define uint unsigned int
   4          uchar code Pattern_P0[]=
   5          {
   6           0xfc,0xf9,0xf3,0xe7,0xcf,0x9f,0x3f,0x7f,0xff,0xff,0xff,0xff,0xff,0xff,0xff,0xff,
   7           0xe7,0xdb,0xbd,0x7e,0xbd,0xdb,0xe7,0xff,0xe7,0xc3,0x81,0x00,0x81,0xc3,0xe7,0xff,
   8           0xaa,0x55,0x18,0xff,0xf0,0x0f,0x00,0xff,0xf8,0xf1,0xe3,0xc7,0x8f,0x1f,0x3f,0x7f,
   9           0x7f,0x3f,0x1f,0x8f,0xc7,0xe3,0xf1,0xf8,0xff,0x00,0x00,0xff,0xff,0x0f,0xf0,0xff,
  10           0xfe,0xfd,0xfb,0xf7,0xef,0xdf,0xbf,0x7f,0xff,0xff,0xff,0xff,0xff,0xff,0xff,0xff,
  11           0xff,0xff,0xff,0xff,0xff,0xff,0xff,0xff,0x7f,0xbf,0xdf,0xef,0xf7,0xfb,0xfd,0xfe,
  12           0xfe,0xfc,0xf8,0xf0,0xe0,0xc0,0x80,0x00,0x00,0x00,0x00,0x00,0x00,0x00,0x00,0x00,
  13           0x00,0x00,0x00,0x00,0x00,0x00,0x00,0x00,0x00,0x80,0xc0,0xe0,0xf0,0xf8,0xfc,0xfe,
  14           0x00,0xff,0x00,0xff,0x00,0xff,0x00,0xff
  15          };
  16          uchar code Pattern_P2[]=
  17          {
  18           0xff,0xff,0xff,0xff,0xff,0xff,0xff,0xfe,0xfc,0xf9,0xf3,0xe7,0xcf,0x9f,0x3f,0xff,
  19           0xe7,0xdb,0xbd,0x7e,0xbd,0xdb,0xe7,0xff,0xe7,0xc3,0x81,0x00,0x81,0xc3,0xe7,0xff,
  20           0xaa,0x55,0x18,0xff,0xf0,0x0f,0x00,0xff,0xf8,0xf1,0xe3,0xc7,0x8f,0x1f,0x3f,0x7f,
  21           0x7f,0x3f,0x1f,0x8f,0xc7,0xe3,0xf1,0xf8,0xff,0x00,0x00,0xff,0xff,0x0f,0xf0,0xff,
  22           0xff,0xff,0xff,0xff,0xff,0xff,0xff,0xff,0xfe,0xfd,0xfb,0xf7,0xef,0xdf,0xbf,0x7f,
  23           0x7f,0xbf,0xdf,0xef,0xf7,0xfb,0xfd,0xfe,0xff,0xff,0xff,0xff,0xff,0xff,0xff,0xff,
  24           0xff,0xff,0xff,0xff,0xff,0xff,0xff,0xff,0xfe,0xfc,0xf8,0xf0,0xe0,0xc0,0x80,0x00,
  25           0x00,0x80,0xc0,0xe0,0xf0,0xf8,0xfc,0xfe,0xff,0xff,0xff,0xff,0xff,0xff,0xff,0xff,
  26           0x00,0xff,0x00,0xff,0x00,0xff,0x00,0xff
  27          };
  28          //??
  29          void DelayMS(uint x)
  30          {
  31   1        uchar i;
  32   1        while(x--)
  33   1        {
  34   2          for(i=0;i<120;i++);
  35   2        }
  36   1      }
  37          //???
  38          void main()
  39          {
  40   1        uchar i;
  41   1        while(1)
  42   1        { //??????????P0?P2???
  43   2          for(i=0;i<136;i++)
  44   2          {
  45   3            P0=Pattern_P0[i];
  46   3            P2=Pattern_P2[i];
  47   3            DelayMS(100);
  48   3          }
  49   2        }
  50   1      }


MODULE INFORMATION:   STATIC OVERLAYABLE
   CODE SIZE        =     51    ----
C51 COMPILER V9.54   LED_5                                                                 08/09/2017 21:52:04 PAGE 2   

   CONSTANT SIZE    =    272    ----
   XDATA SIZE       =   ----    ----
   PDATA SIZE       =   ----    ----
   DATA SIZE        =   ----    ----
   IDATA SIZE       =   ----    ----
   BIT SIZE         =   ----    ----
END OF MODULE INFORMATION.


C51 COMPILATION COMPLETE.  0 WARNING(S),  0 ERROR(S)
